nonTerminals: "AB"
terminals: "cba"
startingSymbol: 'A'
rules: [('A',"aB"),('A',"cB"),('B',"bB"),('B',"#")]
