0,1,2,3,4,5,6,7,8,9,10
a
2
2,6,9,10
0,a,1
1,a,4
2,a,0
2,a,7
2,a,10
4,a,5
5,a,6
7,a,8
8,a,9
