A,B,C,D
a,b,c
A
A->aC
A->cB
B->#
B->bB
C->aD
D->#
