ERROR: No valid arguments passed (try '-i', '-1' or '-2').
