0,1,2,3,4,5,6,7
abcde
0
1,7
0,a,4
0,c,1
1,b,2
2,d,3
3,e,1
4,a,5
5,b,6
6,b,7
