A,B,C,D,E,F,G,H
a,b,c,d,e
A
A->aE
A->cB
B->#
B->bC
C->dD
D->eB
E->aF
F->bG
G->bH
H->#
