0,1,2,3,4,5
klm
4
3,5
0,m,5
1,l,4
2,k,3
3,k,2
4,k,3
4,l,1
4,l,4
4,m,5
5,m,0
