ERROR: Rules contain non-existing non-terminal 'B'.
