ERROR: Invalid number of options (must be only 1).
