ERROR: Starting symbol is non-existing non-terminal.
